Archive member included to satisfy reference by file (symbol)

../lib/libc/librmm-lib-libc.a(assert.c.obj)
                              CMakeFiles/rmm-runtime.dir/core/exit.c.obj (__assert_fail)
../lib/libc/librmm-lib-libc.a(memcmp.c.obj)
                              CMakeFiles/rmm-runtime.dir/rmi/realm_add_meta.c.obj (memcmp)
../lib/libc/librmm-lib-libc.a(memcpy.c.obj)
                              CMakeFiles/rmm-runtime.dir/rmi/realm.c.obj (memcpy)
../lib/libc/librmm-lib-libc.a(printf.c.obj)
                              CMakeFiles/rmm-runtime.dir/rsi/logger.c.obj (snprintf_)
../lib/libc/librmm-lib-libc.a(memset.S.obj)
                              CMakeFiles/rmm-runtime.dir/core/aarch64/head.S.obj (memset)
../plat/rk3588/librmm-plat-rk3588.a(rk3588_setup.c.obj)
                              CMakeFiles/rmm-runtime.dir/core/aarch64/head.S.obj (plat_warmboot_setup)
../plat/rk3588/librmm-plat-rk3588.a(rk3588_memory.c.obj)
                              ../plat/rk3588/librmm-plat-rk3588.a(rk3588_setup.c.obj) (arm_set_dram_layout)
../plat/rk3588/librmm-plat-rk3588.a(rk3588_granule.c.obj)
                              ../plat/rk3588/librmm-plat-rk3588.a(rk3588_memory.c.obj) (arm_get_dram_layout)
../drivers/16550/librmm-driver-16550.a(16550_console.S.obj)
                              ../plat/rk3588/librmm-plat-rk3588.a(rk3588_setup.c.obj) (console_16550_register)
../plat/common/librmm-plat-common.a(plat_common_init.c.obj)
                              ../plat/rk3588/librmm-plat-rk3588.a(rk3588_setup.c.obj) (plat_cmn_init_el3_ifc)
../lib/attestation/librmm-lib-attestation.a(attestation_token.c.obj)
                              CMakeFiles/rmm-runtime.dir/core/app_compat.c.obj (attest_realm_token_sign)
../lib/attestation/librmm-lib-attestation.a(attestation_utils.c.obj)
                              CMakeFiles/rmm-runtime.dir/core/init.c.obj (attestation_init)
../lib/attestation/librmm-lib-attestation.a(attestation_key.c.obj)
                              ../lib/attestation/librmm-lib-attestation.a(attestation_utils.c.obj) (attest_init_realm_attestation_key)
../lib/attestation/librmm-lib-attestation.a(attestation_rnd.c.obj)
                              ../lib/attestation/librmm-lib-attestation.a(attestation_utils.c.obj) (attest_rnd_prng_init)
../lib/allocator/librmm-lib-allocator.a(memory_alloc.c.obj)
                              ../lib/attestation/librmm-lib-attestation.a(attestation_utils.c.obj) (buffer_alloc_ctx_assign)
../lib/console/librmm-lib-console.a(console.c.obj)
                              ../drivers/16550/librmm-driver-16550.a(16550_console.S.obj) (console_register)
../lib/gic/librmm-lib-gic.a(gic.c.obj)
                              ../plat/common/librmm-plat-common.a(plat_common_init.c.obj) (gic_get_virt_features)
../lib/measurement/librmm-lib-measurement.a(measurement.c.obj)
                              CMakeFiles/rmm-runtime.dir/core/app_compat.c.obj (measurement_hash_compute)
../lib/measurement/librmm-lib-measurement.a(rim.c.obj)
                              CMakeFiles/rmm-runtime.dir/rmi/rtt.c.obj (measurement_data_granule_measure)
../lib/rmm_el3_ifc/librmm-lib-rmm_el3_ifc.a(rmm_el3_ifc.c.obj)
                              ../plat/rk3588/librmm-plat-rk3588.a(rk3588_setup.c.obj) (rmm_el3_ifc_report_fail_to_el3)
../lib/rmm_el3_ifc/librmm-lib-rmm_el3_ifc.a(rmm_el3_ifc_manifest.c.obj)
                              ../lib/rmm_el3_ifc/librmm-lib-rmm_el3_ifc.a(rmm_el3_ifc.c.obj) (rmm_el3_ifc_process_boot_manifest)
../lib/rmm_el3_ifc/librmm-lib-rmm_el3_ifc.a(rmm_el3_runtime.c.obj)
                              ../lib/attestation/librmm-lib-attestation.a(attestation_key.c.obj) (rmm_el3_ifc_get_shared_buf_locked)
../lib/rmm_el3_ifc/librmm-lib-rmm_el3_ifc.a(rmm_el3_ifc_helpers.S.obj)
                              CMakeFiles/rmm-runtime.dir/core/aarch64/head.S.obj (rmm_el3_ifc_validate_cpuid)
../lib/s2tt/librmm-lib-s2tt.a(s2tt.c.obj)
                              CMakeFiles/rmm-runtime.dir/rmi/rtt.c.obj (s2tte_is_unassigned_empty)
../lib/slot_buf/librmm-lib-slot_buf.a(ns_access.S.obj)
                              CMakeFiles/rmm-runtime.dir/core/handler.c.obj (ns_read)
../lib/slot_buf/librmm-lib-slot_buf.a(buffer.c.obj)
                              CMakeFiles/rmm-runtime.dir/core/init.c.obj (slot_buf_finish_warmboot_init)
../lib/granule/librmm-lib-granule.a(granule.c.obj)
                              CMakeFiles/rmm-runtime.dir/rmi/rec.c.obj (granule_addr)
../lib/xlat/librmm-lib-xlat.a(enable_mmu.S.obj)
                              CMakeFiles/rmm-runtime.dir/core/aarch64/head.S.obj (xlat_enable_mmu_el2)
../lib/xlat/librmm-lib-xlat.a(xlat_helper.S.obj)
                              CMakeFiles/rmm-runtime.dir/core/aarch64/head.S.obj (rmm_get_my_stack)
../lib/xlat/librmm-lib-xlat.a(xlat_tables_utils.c.obj)
                              ../lib/slot_buf/librmm-lib-slot_buf.a(buffer.c.obj) (xlat_get_llt_from_va)
../lib/xlat/librmm-lib-xlat.a(xlat_tables_arch.c.obj)
                              ../plat/common/librmm-plat-common.a(plat_common_init.c.obj) (xlat_arch_write_mmu_cfg)
../lib/xlat/librmm-lib-xlat.a(xlat_contexts.c.obj)
                              ../plat/common/librmm-plat-common.a(plat_common_init.c.obj) (xlat_ctx_cfg_init)
../lib/xlat/librmm-lib-xlat.a(xlat_high_va.c.obj)
                              ../lib/slot_buf/librmm-lib-slot_buf.a(buffer.c.obj) (xlat_get_high_va_xlat_ctx)
../lib/xlat/librmm-lib-xlat.a(xlat_tables_core.c.obj)
                              ../lib/xlat/librmm-lib-xlat.a(xlat_tables_utils.c.obj) (xlat_desc)
../lib/t_cose/libt_cose.a(t_cose_sign_sign.c.obj)
                              ../lib/attestation/librmm-lib-attestation.a(attestation_token.c.obj) (t_cose_sign_encode_start)
../lib/t_cose/libt_cose.a(t_cose_signature_sign_restart.c.obj)
                              ../lib/attestation/librmm-lib-attestation.a(attestation_token.c.obj) (t_cose_signature_sign_restart_init)
../lib/t_cose/libt_cose.a(t_cose_util.c.obj)
                              ../lib/t_cose/libt_cose.a(t_cose_sign_sign.c.obj) (qcbor_encode_error_to_t_cose_error)
../lib/t_cose/libt_cose.a(t_cose_key.c.obj)
                              ../lib/attestation/librmm-lib-attestation.a(attestation_key.c.obj) (t_cose_key_encode)
../lib/t_cose/libt_cose.a(t_cose_psa_crypto.c.obj)
                              ../lib/t_cose/libt_cose.a(t_cose_util.c.obj) (t_cose_crypto_is_algorithm_supported)
../lib/t_cose/libt_cose.a(t_cose_parameters.c.obj)
                              ../lib/t_cose/libt_cose.a(t_cose_sign_sign.c.obj) (t_cose_headers_encode)
../ext/mbedtls/library/libmbedcrypto.a(hkdf.c.obj)
                              ../lib/t_cose/libt_cose.a(t_cose_psa_crypto.c.obj) (mbedtls_hkdf)
../ext/mbedtls/library/libmbedcrypto.a(hmac_drbg.c.obj)
                              ../lib/attestation/librmm-lib-attestation.a(attestation_rnd.c.obj) (mbedtls_hmac_drbg_init)
../ext/mbedtls/library/libmbedcrypto.a(md.c.obj)
                              ../lib/attestation/librmm-lib-attestation.a(attestation_rnd.c.obj) (mbedtls_md_info_from_type)
../ext/mbedtls/library/libmbedcrypto.a(platform_util.c.obj)
                              ../ext/mbedtls/library/libmbedcrypto.a(hkdf.c.obj) (mbedtls_platform_zeroize)
../ext/mbedtls/library/libmbedcrypto.a(psa_crypto.c.obj)
                              ../lib/attestation/librmm-lib-attestation.a(attestation_key.c.obj) (psa_destroy_key)
../ext/mbedtls/library/libmbedcrypto.a(psa_crypto_aead.c.obj)
                              ../ext/mbedtls/library/libmbedcrypto.a(psa_crypto.c.obj) (mbedtls_psa_aead_encrypt_setup)
../ext/mbedtls/library/libmbedcrypto.a(psa_crypto_cipher.c.obj)
                              ../ext/mbedtls/library/libmbedcrypto.a(psa_crypto_aead.c.obj) (mbedtls_cipher_values_from_psa)
../ext/mbedtls/library/libmbedcrypto.a(psa_crypto_client.c.obj)
                              ../lib/attestation/librmm-lib-attestation.a(attestation_key.c.obj) (psa_reset_key_attributes)
../ext/mbedtls/library/libmbedcrypto.a(psa_crypto_driver_wrappers_no_static.c.obj)
                              ../ext/mbedtls/library/libmbedcrypto.a(psa_crypto.c.obj) (psa_driver_wrapper_get_key_buffer_size)
../ext/mbedtls/library/libmbedcrypto.a(psa_crypto_ecp.c.obj)
                              ../ext/mbedtls/library/libmbedcrypto.a(psa_crypto.c.obj) (mbedtls_psa_ecp_load_representation)
../ext/mbedtls/library/libmbedcrypto.a(psa_crypto_hash.c.obj)
                              ../ext/mbedtls/library/libmbedcrypto.a(psa_crypto.c.obj) (mbedtls_psa_hash_abort)
../ext/mbedtls/library/libmbedcrypto.a(psa_crypto_mac.c.obj)
                              ../ext/mbedtls/library/libmbedcrypto.a(psa_crypto.c.obj) (mbedtls_psa_mac_abort)
../ext/mbedtls/library/libmbedcrypto.a(psa_crypto_rsa.c.obj)
                              ../ext/mbedtls/library/libmbedcrypto.a(psa_crypto.c.obj) (mbedtls_psa_asymmetric_encrypt)
../ext/mbedtls/library/libmbedcrypto.a(psa_crypto_slot_management.c.obj)
                              ../ext/mbedtls/library/libmbedcrypto.a(psa_crypto.c.obj) (psa_is_valid_key_id)
../ext/mbedtls/library/libmbedcrypto.a(psa_util.c.obj)
                              ../ext/mbedtls/library/libmbedcrypto.a(md.c.obj) (psa_generic_status_to_mbedtls)
../ext/mbedtls/library/libmbedcrypto.a(sha256.c.obj)
                              ../ext/mbedtls/library/libmbedcrypto.a(md.c.obj) (mbedtls_sha256_init)
../ext/mbedtls/library/libmbedcrypto.a(sha512.c.obj)
                              ../ext/mbedtls/library/libmbedcrypto.a(md.c.obj) (mbedtls_sha512_init)
../ext/mbedtls/library/libmbedcrypto.a(asn1parse.c.obj)
                              ../ext/mbedtls/library/libmbedcrypto.a(psa_util.c.obj) (mbedtls_asn1_get_tag)
../ext/mbedtls/library/libmbedcrypto.a(asn1write.c.obj)
                              ../ext/mbedtls/library/libmbedcrypto.a(psa_util.c.obj) (mbedtls_asn1_write_len)
../ext/mbedtls/library/libmbedcrypto.a(bignum.c.obj)
                              ../ext/mbedtls/library/libmbedcrypto.a(psa_crypto.c.obj) (mbedtls_mpi_lt_mpi_ct)
../ext/mbedtls/library/libmbedcrypto.a(bignum_core.c.obj)
                              ../ext/mbedtls/library/libmbedcrypto.a(bignum.c.obj) (mbedtls_mpi_core_clz)
../ext/mbedtls/library/libmbedcrypto.a(cipher.c.obj)
                              ../ext/mbedtls/library/libmbedcrypto.a(psa_crypto_cipher.c.obj) (mbedtls_cipher_info_from_values)
../ext/mbedtls/library/libmbedcrypto.a(cipher_wrap.c.obj)
                              ../ext/mbedtls/library/libmbedcrypto.a(cipher.c.obj) (mbedtls_cipher_base_lookup_table)
../ext/mbedtls/library/libmbedcrypto.a(constant_time.c.obj)
                              ../ext/mbedtls/library/libmbedcrypto.a(bignum.c.obj) (mbedtls_ct_zero)
../ext/mbedtls/library/libmbedcrypto.a(ecdsa.c.obj)
                              ../ext/mbedtls/library/libmbedcrypto.a(psa_crypto.c.obj) (mbedtls_ecdsa_sign_restartable)
../ext/mbedtls/library/libmbedcrypto.a(ecp.c.obj)
                              ../ext/mbedtls/library/libmbedcrypto.a(psa_crypto.c.obj) (mbedtls_ecp_set_max_ops)
../ext/mbedtls/library/libmbedcrypto.a(ecp_curves.c.obj)
                              ../ext/mbedtls/library/libmbedcrypto.a(psa_crypto.c.obj) (mbedtls_ecp_group_load)
../ext/qcbor/libqcbor.a(qcbor_decode.c.obj)
                              ../lib/t_cose/libt_cose.a(t_cose_parameters.c.obj) (QCBORDecode_VPeekNext)
../ext/qcbor/libqcbor.a(qcbor_encode.c.obj)
                              ../lib/attestation/librmm-lib-attestation.a(attestation_token.c.obj) (QCBOREncode_Init)
../ext/qcbor/libqcbor.a(UsefulBuf.c.obj)
                              ../lib/t_cose/libt_cose.a(t_cose_psa_crypto.c.obj) (UsefulBuf_CopyOffset)
../lib/libc/librmm-lib-libc.a(memmove.c.obj)
                              ../ext/mbedtls/library/libmbedcrypto.a(psa_util.c.obj) (memmove)
../lib/libc/librmm-lib-libc.a(strlen.c.obj)
                              ../lib/attestation/librmm-lib-attestation.a(attestation_token.c.obj) (strlen)
../lib/libc/librmm-lib-libc.a(strcmp.c.obj)
                              ../ext/mbedtls/library/libmbedcrypto.a(md.c.obj) (strcmp)
../lib/libc/librmm-lib-libc.a(strncmp.c.obj)
                              ../plat/rk3588/librmm-plat-rk3588.a(rk3588_setup.c.obj) (strncmp)
../lib/arch/librmm-lib-arch.a(vmid.c.obj)
                              CMakeFiles/rmm-runtime.dir/rmi/realm.c.obj (vmid_reserve)
../lib/arch/librmm-lib-arch.a(arch_features.c.obj)
                              CMakeFiles/rmm-runtime.dir/rmi/feature.c.obj (arch_feat_get_pa_width)
../lib/arch/librmm-lib-arch.a(pmu.c.obj)
                              CMakeFiles/rmm-runtime.dir/core/run.c.obj (pmu_save_state)
../lib/arch/librmm-lib-arch.a(pauth.c.obj)
                              CMakeFiles/rmm-runtime.dir/core/aarch64/head.S.obj (pauth_init_enable_el2)
../lib/arch/librmm-lib-arch.a(simd.c.obj)
                              CMakeFiles/rmm-runtime.dir/core/handler.c.obj (simd_is_state_saved)
../lib/arch/librmm-lib-arch.a(cache_helpers.S.obj)
                              CMakeFiles/rmm-runtime.dir/core/aarch64/head.S.obj (inv_dcache_range)
../lib/arch/librmm-lib-arch.a(simd_helpers.S.obj)
                              ../lib/arch/librmm-lib-arch.a(simd.c.obj) (fpu_save_registers)
../lib/debug/librmm-lib-debug.a(backtrace.c.obj)
                              CMakeFiles/rmm-runtime.dir/core/handler.c.obj (backtrace)
../lib/smc/librmm-lib-smc.a(smc.S.obj)
                              CMakeFiles/rmm-runtime.dir/rmi/granule.c.obj (monitor_call)

Merging program properties

Removed property 0xc0000000 to merge CMakeFiles/rmm-runtime.dir/core/exit.c.obj (0x3) and CMakeFiles/rmm-runtime.dir/core/aarch64/entry.S.obj (not found)
Removed property 0xc0000000 to merge CMakeFiles/rmm-runtime.dir/core/exit.c.obj (not found) and CMakeFiles/rmm-runtime.dir/core/handler.c.obj (0x3)
Removed property 0xc0000000 to merge CMakeFiles/rmm-runtime.dir/core/exit.c.obj (not found) and CMakeFiles/rmm-runtime.dir/core/init.c.obj (0x3)
Removed property 0xc0000000 to merge CMakeFiles/rmm-runtime.dir/core/exit.c.obj (not found) and CMakeFiles/rmm-runtime.dir/core/inject_exp.c.obj (0x3)
Removed property 0xc0000000 to merge CMakeFiles/rmm-runtime.dir/core/exit.c.obj (not found) and CMakeFiles/rmm-runtime.dir/core/sysregs.c.obj (0x3)
Removed property 0xc0000000 to merge CMakeFiles/rmm-runtime.dir/core/exit.c.obj (not found) and CMakeFiles/rmm-runtime.dir/core/timers.c.obj (0x3)
Removed property 0xc0000000 to merge CMakeFiles/rmm-runtime.dir/core/exit.c.obj (not found) and CMakeFiles/rmm-runtime.dir/core/app_compat.c.obj (0x3)
Removed property 0xc0000000 to merge CMakeFiles/rmm-runtime.dir/core/exit.c.obj (not found) and CMakeFiles/rmm-runtime.dir/rmi/feature.c.obj (0x3)
Removed property 0xc0000000 to merge CMakeFiles/rmm-runtime.dir/core/exit.c.obj (not found) and CMakeFiles/rmm-runtime.dir/rmi/granule.c.obj (0x3)
Removed property 0xc0000000 to merge CMakeFiles/rmm-runtime.dir/core/exit.c.obj (not found) and CMakeFiles/rmm-runtime.dir/rmi/realm.c.obj (0x3)
Removed property 0xc0000000 to merge CMakeFiles/rmm-runtime.dir/core/exit.c.obj (not found) and CMakeFiles/rmm-runtime.dir/rmi/rec.c.obj (0x3)
Removed property 0xc0000000 to merge CMakeFiles/rmm-runtime.dir/core/exit.c.obj (not found) and CMakeFiles/rmm-runtime.dir/rmi/rtt.c.obj (0x3)
Removed property 0xc0000000 to merge CMakeFiles/rmm-runtime.dir/core/exit.c.obj (not found) and CMakeFiles/rmm-runtime.dir/rmi/rtt_unknown_shared.c.obj (0x3)
Removed property 0xc0000000 to merge CMakeFiles/rmm-runtime.dir/core/exit.c.obj (not found) and CMakeFiles/rmm-runtime.dir/rmi/run.c.obj (0x3)
Removed property 0xc0000000 to merge CMakeFiles/rmm-runtime.dir/core/exit.c.obj (not found) and CMakeFiles/rmm-runtime.dir/rmi/version.c.obj (0x3)
Removed property 0xc0000000 to merge CMakeFiles/rmm-runtime.dir/core/exit.c.obj (not found) and CMakeFiles/rmm-runtime.dir/rmi/private_shared_table.c.obj (0x3)
Removed property 0xc0000000 to merge CMakeFiles/rmm-runtime.dir/core/exit.c.obj (not found) and CMakeFiles/rmm-runtime.dir/rmi/realm_add_meta.c.obj (0x3)
Removed property 0xc0000000 to merge CMakeFiles/rmm-runtime.dir/core/exit.c.obj (not found) and CMakeFiles/rmm-runtime.dir/rmi/rmi_rsi_count.c.obj (0x3)
Removed property 0xc0000000 to merge CMakeFiles/rmm-runtime.dir/core/exit.c.obj (not found) and CMakeFiles/rmm-runtime.dir/rmi/psr_hpa_share_table.c.obj (0x3)
Removed property 0xc0000000 to merge CMakeFiles/rmm-runtime.dir/core/exit.c.obj (not found) and CMakeFiles/rmm-runtime.dir/core/run.c.obj (0x3)
Removed property 0xc0000000 to merge CMakeFiles/rmm-runtime.dir/core/exit.c.obj (not found) and CMakeFiles/rmm-runtime.dir/rsi/config.c.obj (0x3)
Removed property 0xc0000000 to merge CMakeFiles/rmm-runtime.dir/core/exit.c.obj (not found) and CMakeFiles/rmm-runtime.dir/rsi/feature.c.obj (0x3)
Removed property 0xc0000000 to merge CMakeFiles/rmm-runtime.dir/core/exit.c.obj (not found) and CMakeFiles/rmm-runtime.dir/rsi/host_call.c.obj (0x3)
Removed property 0xc0000000 to merge CMakeFiles/rmm-runtime.dir/core/exit.c.obj (not found) and CMakeFiles/rmm-runtime.dir/rsi/logger.c.obj (0x3)
Removed property 0xc0000000 to merge CMakeFiles/rmm-runtime.dir/core/exit.c.obj (not found) and CMakeFiles/rmm-runtime.dir/rsi/memory.c.obj (0x3)
Removed property 0xc0000000 to merge CMakeFiles/rmm-runtime.dir/core/exit.c.obj (not found) and CMakeFiles/rmm-runtime.dir/rsi/psci.c.obj (0x3)
Removed property 0xc0000000 to merge CMakeFiles/rmm-runtime.dir/core/exit.c.obj (not found) and CMakeFiles/rmm-runtime.dir/rsi/realm_ipa_helper.c.obj (0x3)
Removed property 0xc0000000 to merge CMakeFiles/rmm-runtime.dir/core/exit.c.obj (not found) and CMakeFiles/rmm-runtime.dir/rsi/policy.c.obj (0x3)
Removed property 0xc0000000 to merge CMakeFiles/rmm-runtime.dir/core/exit.c.obj (not found) and CMakeFiles/rmm-runtime.dir/rsi/realm_attest.c.obj (0x3)
Removed property 0xc0000000 to merge CMakeFiles/rmm-runtime.dir/core/exit.c.obj (not found) and CMakeFiles/rmm-runtime.dir/rsi/realm_attest_group.c.obj (0x3)
Removed property 0xc0000000 to merge CMakeFiles/rmm-runtime.dir/core/exit.c.obj (not found) and CMakeFiles/rmm-runtime.dir/rsi/version.c.obj (0x3)
Removed property 0xc0000000 to merge CMakeFiles/rmm-runtime.dir/core/exit.c.obj (not found) and CMakeFiles/rmm-runtime.dir/rsi/sgt_granules.c.obj (0x3)
Removed property 0xc0000000 to merge CMakeFiles/rmm-runtime.dir/core/exit.c.obj (not found) and CMakeFiles/rmm-runtime.dir/rsi/sgt.c.obj (0x3)
Removed property 0xc0000000 to merge CMakeFiles/rmm-runtime.dir/core/exit.c.obj (not found) and CMakeFiles/rmm-runtime.dir/rsi/policy_validator.c.obj (0x3)
Removed property 0xc0000000 to merge CMakeFiles/rmm-runtime.dir/core/exit.c.obj (not found) and CMakeFiles/rmm-runtime.dir/rsi/policy_validator_actions.c.obj (0x3)
Removed property 0xc0000000 to merge CMakeFiles/rmm-runtime.dir/core/exit.c.obj (not found) and CMakeFiles/rmm-runtime.dir/rsi/policy_parser.c.obj (0x3)
Removed property 0xc0000000 to merge CMakeFiles/rmm-runtime.dir/core/exit.c.obj (not found) and CMakeFiles/rmm-runtime.dir/rsi/transition_table.c.obj (0x3)
Removed property 0xc0000000 to merge CMakeFiles/rmm-runtime.dir/core/exit.c.obj (not found) and ../lib/libc/librmm-lib-libc.a(assert.c.obj) (0x3)
Removed property 0xc0000000 to merge CMakeFiles/rmm-runtime.dir/core/exit.c.obj (not found) and ../lib/libc/librmm-lib-libc.a(memcmp.c.obj) (0x3)
Removed property 0xc0000000 to merge CMakeFiles/rmm-runtime.dir/core/exit.c.obj (not found) and ../lib/libc/librmm-lib-libc.a(memcpy.c.obj) (0x3)
Removed property 0xc0000000 to merge CMakeFiles/rmm-runtime.dir/core/exit.c.obj (not found) and ../lib/libc/librmm-lib-libc.a(printf.c.obj) (0x3)
Removed property 0xc0000000 to merge CMakeFiles/rmm-runtime.dir/core/exit.c.obj (not found) and ../plat/rk3588/librmm-plat-rk3588.a(rk3588_setup.c.obj) (0x3)
Removed property 0xc0000000 to merge CMakeFiles/rmm-runtime.dir/core/exit.c.obj (not found) and ../plat/rk3588/librmm-plat-rk3588.a(rk3588_memory.c.obj) (0x3)
Removed property 0xc0000000 to merge CMakeFiles/rmm-runtime.dir/core/exit.c.obj (not found) and ../plat/rk3588/librmm-plat-rk3588.a(rk3588_granule.c.obj) (0x3)
Removed property 0xc0000000 to merge CMakeFiles/rmm-runtime.dir/core/exit.c.obj (not found) and ../plat/common/librmm-plat-common.a(plat_common_init.c.obj) (0x3)
Removed property 0xc0000000 to merge CMakeFiles/rmm-runtime.dir/core/exit.c.obj (not found) and ../lib/attestation/librmm-lib-attestation.a(attestation_token.c.obj) (0x3)
Removed property 0xc0000000 to merge CMakeFiles/rmm-runtime.dir/core/exit.c.obj (not found) and ../lib/attestation/librmm-lib-attestation.a(attestation_utils.c.obj) (0x3)
Removed property 0xc0000000 to merge CMakeFiles/rmm-runtime.dir/core/exit.c.obj (not found) and ../lib/attestation/librmm-lib-attestation.a(attestation_key.c.obj) (0x3)
Removed property 0xc0000000 to merge CMakeFiles/rmm-runtime.dir/core/exit.c.obj (not found) and ../lib/attestation/librmm-lib-attestation.a(attestation_rnd.c.obj) (0x3)
Removed property 0xc0000000 to merge CMakeFiles/rmm-runtime.dir/core/exit.c.obj (not found) and ../lib/allocator/librmm-lib-allocator.a(memory_alloc.c.obj) (0x3)
Removed property 0xc0000000 to merge CMakeFiles/rmm-runtime.dir/core/exit.c.obj (not found) and ../lib/console/librmm-lib-console.a(console.c.obj) (0x3)
Removed property 0xc0000000 to merge CMakeFiles/rmm-runtime.dir/core/exit.c.obj (not found) and ../lib/gic/librmm-lib-gic.a(gic.c.obj) (0x3)
Removed property 0xc0000000 to merge CMakeFiles/rmm-runtime.dir/core/exit.c.obj (not found) and ../lib/measurement/librmm-lib-measurement.a(measurement.c.obj) (0x3)
Removed property 0xc0000000 to merge CMakeFiles/rmm-runtime.dir/core/exit.c.obj (not found) and ../lib/measurement/librmm-lib-measurement.a(rim.c.obj) (0x3)
Removed property 0xc0000000 to merge CMakeFiles/rmm-runtime.dir/core/exit.c.obj (not found) and ../lib/rmm_el3_ifc/librmm-lib-rmm_el3_ifc.a(rmm_el3_ifc.c.obj) (0x3)
Removed property 0xc0000000 to merge CMakeFiles/rmm-runtime.dir/core/exit.c.obj (not found) and ../lib/rmm_el3_ifc/librmm-lib-rmm_el3_ifc.a(rmm_el3_ifc_manifest.c.obj) (0x3)
Removed property 0xc0000000 to merge CMakeFiles/rmm-runtime.dir/core/exit.c.obj (not found) and ../lib/rmm_el3_ifc/librmm-lib-rmm_el3_ifc.a(rmm_el3_runtime.c.obj) (0x3)
Removed property 0xc0000000 to merge CMakeFiles/rmm-runtime.dir/core/exit.c.obj (not found) and ../lib/s2tt/librmm-lib-s2tt.a(s2tt.c.obj) (0x3)
Removed property 0xc0000000 to merge CMakeFiles/rmm-runtime.dir/core/exit.c.obj (not found) and ../lib/slot_buf/librmm-lib-slot_buf.a(buffer.c.obj) (0x3)
Removed property 0xc0000000 to merge CMakeFiles/rmm-runtime.dir/core/exit.c.obj (not found) and ../lib/granule/librmm-lib-granule.a(granule.c.obj) (0x3)
Removed property 0xc0000000 to merge CMakeFiles/rmm-runtime.dir/core/exit.c.obj (not found) and ../lib/xlat/librmm-lib-xlat.a(xlat_tables_utils.c.obj) (0x3)
Removed property 0xc0000000 to merge CMakeFiles/rmm-runtime.dir/core/exit.c.obj (not found) and ../lib/xlat/librmm-lib-xlat.a(xlat_tables_arch.c.obj) (0x3)
Removed property 0xc0000000 to merge CMakeFiles/rmm-runtime.dir/core/exit.c.obj (not found) and ../lib/xlat/librmm-lib-xlat.a(xlat_contexts.c.obj) (0x3)
Removed property 0xc0000000 to merge CMakeFiles/rmm-runtime.dir/core/exit.c.obj (not found) and ../lib/xlat/librmm-lib-xlat.a(xlat_high_va.c.obj) (0x3)
Removed property 0xc0000000 to merge CMakeFiles/rmm-runtime.dir/core/exit.c.obj (not found) and ../lib/xlat/librmm-lib-xlat.a(xlat_tables_core.c.obj) (0x3)
Removed property 0xc0000000 to merge CMakeFiles/rmm-runtime.dir/core/exit.c.obj (not found) and ../lib/t_cose/libt_cose.a(t_cose_sign_sign.c.obj) (0x3)
Removed property 0xc0000000 to merge CMakeFiles/rmm-runtime.dir/core/exit.c.obj (not found) and ../lib/t_cose/libt_cose.a(t_cose_signature_sign_restart.c.obj) (0x3)
Removed property 0xc0000000 to merge CMakeFiles/rmm-runtime.dir/core/exit.c.obj (not found) and ../lib/t_cose/libt_cose.a(t_cose_util.c.obj) (0x3)
Removed property 0xc0000000 to merge CMakeFiles/rmm-runtime.dir/core/exit.c.obj (not found) and ../lib/t_cose/libt_cose.a(t_cose_key.c.obj) (0x3)
Removed property 0xc0000000 to merge CMakeFiles/rmm-runtime.dir/core/exit.c.obj (not found) and ../lib/t_cose/libt_cose.a(t_cose_psa_crypto.c.obj) (0x3)
Removed property 0xc0000000 to merge CMakeFiles/rmm-runtime.dir/core/exit.c.obj (not found) and ../lib/t_cose/libt_cose.a(t_cose_parameters.c.obj) (0x3)
Removed property 0xc0000000 to merge CMakeFiles/rmm-runtime.dir/core/exit.c.obj (not found) and ../ext/mbedtls/library/libmbedcrypto.a(hkdf.c.obj) (0x3)
Removed property 0xc0000000 to merge CMakeFiles/rmm-runtime.dir/core/exit.c.obj (not found) and ../ext/mbedtls/library/libmbedcrypto.a(hmac_drbg.c.obj) (0x3)
Removed property 0xc0000000 to merge CMakeFiles/rmm-runtime.dir/core/exit.c.obj (not found) and ../ext/mbedtls/library/libmbedcrypto.a(md.c.obj) (0x3)
Removed property 0xc0000000 to merge CMakeFiles/rmm-runtime.dir/core/exit.c.obj (not found) and ../ext/mbedtls/library/libmbedcrypto.a(platform_util.c.obj) (0x3)
Removed property 0xc0000000 to merge CMakeFiles/rmm-runtime.dir/core/exit.c.obj (not found) and ../ext/mbedtls/library/libmbedcrypto.a(psa_crypto.c.obj) (0x3)
Removed property 0xc0000000 to merge CMakeFiles/rmm-runtime.dir/core/exit.c.obj (not found) and ../ext/mbedtls/library/libmbedcrypto.a(psa_crypto_aead.c.obj) (0x3)
Removed property 0xc0000000 to merge CMakeFiles/rmm-runtime.dir/core/exit.c.obj (not found) and ../ext/mbedtls/library/libmbedcrypto.a(psa_crypto_cipher.c.obj) (0x3)
Removed property 0xc0000000 to merge CMakeFiles/rmm-runtime.dir/core/exit.c.obj (not found) and ../ext/mbedtls/library/libmbedcrypto.a(psa_crypto_client.c.obj) (0x3)
Removed property 0xc0000000 to merge CMakeFiles/rmm-runtime.dir/core/exit.c.obj (not found) and ../ext/mbedtls/library/libmbedcrypto.a(psa_crypto_driver_wrappers_no_static.c.obj) (0x3)
Removed property 0xc0000000 to merge CMakeFiles/rmm-runtime.dir/core/exit.c.obj (not found) and ../ext/mbedtls/library/libmbedcrypto.a(psa_crypto_ecp.c.obj) (0x3)
Removed property 0xc0000000 to merge CMakeFiles/rmm-runtime.dir/core/exit.c.obj (not found) and ../ext/mbedtls/library/libmbedcrypto.a(psa_crypto_hash.c.obj) (0x3)
Removed property 0xc0000000 to merge CMakeFiles/rmm-runtime.dir/core/exit.c.obj (not found) and ../ext/mbedtls/library/libmbedcrypto.a(psa_crypto_mac.c.obj) (0x3)
Removed property 0xc0000000 to merge CMakeFiles/rmm-runtime.dir/core/exit.c.obj (not found) and ../ext/mbedtls/library/libmbedcrypto.a(psa_crypto_rsa.c.obj) (0x3)
Removed property 0xc0000000 to merge CMakeFiles/rmm-runtime.dir/core/exit.c.obj (not found) and ../ext/mbedtls/library/libmbedcrypto.a(psa_crypto_slot_management.c.obj) (0x3)
Removed property 0xc0000000 to merge CMakeFiles/rmm-runtime.dir/core/exit.c.obj (not found) and ../ext/mbedtls/library/libmbedcrypto.a(psa_util.c.obj) (0x3)
Removed property 0xc0000000 to merge CMakeFiles/rmm-runtime.dir/core/exit.c.obj (not found) and ../ext/mbedtls/library/libmbedcrypto.a(sha256.c.obj) (0x3)
Removed property 0xc0000000 to merge CMakeFiles/rmm-runtime.dir/core/exit.c.obj (not found) and ../ext/mbedtls/library/libmbedcrypto.a(sha512.c.obj) (0x3)
Removed property 0xc0000000 to merge CMakeFiles/rmm-runtime.dir/core/exit.c.obj (not found) and ../ext/mbedtls/library/libmbedcrypto.a(asn1parse.c.obj) (0x3)
Removed property 0xc0000000 to merge CMakeFiles/rmm-runtime.dir/core/exit.c.obj (not found) and ../ext/mbedtls/library/libmbedcrypto.a(asn1write.c.obj) (0x3)
Removed property 0xc0000000 to merge CMakeFiles/rmm-runtime.dir/core/exit.c.obj (not found) and ../ext/mbedtls/library/libmbedcrypto.a(bignum.c.obj) (0x3)
Removed property 0xc0000000 to merge CMakeFiles/rmm-runtime.dir/core/exit.c.obj (not found) and ../ext/mbedtls/library/libmbedcrypto.a(bignum_core.c.obj) (0x3)
Removed property 0xc0000000 to merge CMakeFiles/rmm-runtime.dir/core/exit.c.obj (not found) and ../ext/mbedtls/library/libmbedcrypto.a(cipher.c.obj) (0x3)
Removed property 0xc0000000 to merge CMakeFiles/rmm-runtime.dir/core/exit.c.obj (not found) and ../ext/mbedtls/library/libmbedcrypto.a(cipher_wrap.c.obj) (0x3)
Removed property 0xc0000000 to merge CMakeFiles/rmm-runtime.dir/core/exit.c.obj (not found) and ../ext/mbedtls/library/libmbedcrypto.a(constant_time.c.obj) (0x3)
Removed property 0xc0000000 to merge CMakeFiles/rmm-runtime.dir/core/exit.c.obj (not found) and ../ext/mbedtls/library/libmbedcrypto.a(ecdsa.c.obj) (0x3)
Removed property 0xc0000000 to merge CMakeFiles/rmm-runtime.dir/core/exit.c.obj (not found) and ../ext/mbedtls/library/libmbedcrypto.a(ecp.c.obj) (0x3)
Removed property 0xc0000000 to merge CMakeFiles/rmm-runtime.dir/core/exit.c.obj (not fo